******************************************************************************
               TMS320C6x Linker Unix v6.1.17                   
******************************************************************************
>> Linked Fri Jun  9 16:41:23 2017

OUTPUT FILE NAME:   <Debug/pool_notify.out>
ENTRY POINT SYMBOL: "_c_int00"  address: 87e32de0


MEMORY CONFIGURATION

         name            origin    length      used     unused   attr    fill
----------------------  --------  ---------  --------  --------  ----  --------
  IRAM                  107f8000   00010000  00000000  00010000  RWIX
  CACHE_L2              10808000   00008000  00000000  00008000  RWIX
  CACHE_L1P             10e04000   00004000  00000000  00004000  RWIX
  L1DSRAM               10f04000   00004000  00000000  00004000  RWIX
  CACHE_L1D             10f10000   00008000  00000000  00008000  RWIX
  RESET_VECTOR          87e00000   00000080  00000000  00000080  RWIX
  DDR2                  87e00080   000fff80  00034271  000cbd0f  RWIX
  DSPLINKMEM            87f00000   00030000  00000000  00030000  RWIX
  POOLMEM               87f30000   000d0000  00000000  000d0000  RWIX


SECTION ALLOCATION MAP

 output                                  attributes/
section   page    origin      length       input sections
--------  ----  ----------  ----------   ----------------
.vers      0    00000000    00000040     COPY SECTION
                  00000000    00000040     pool_notifycfg.obj (.vers)

.pinit     0    87e00080    00000000     UNINITIALIZED

.prd       0    87e00080    00000000     UNINITIALIZED

.data      0    87e00080    00000000     UNINITIALIZED

.hst       0    87e00080    00000000     UNINITIALIZED

.pip       0    87e00080    00000000     UNINITIALIZED

.DDR2$heap 
*          0    87e00080    00020000     UNINITIALIZED
                  87e00080    00020000     --HOLE--

.text      0    87e20080    0000c2c0     
                  87e20080    00004ba0     dsplinkringio.lib : _ringio.obj (.text)
                  87e24c20    000019c0     dsplink.lib : ips.obj (.text)
                  87e265e0    00001500     dsplinkmpcs.lib : mpcs.obj (.text)
                  87e27ae0    000009a0     dsplinkpool.lib : sma_pool.obj (.text)
                  87e28480    000008c0     dsplink.lib : dsplink.obj (.text)
                  87e28d40    00000740     dsplinkmpcs.lib : _mpcs.obj (.text)
                  87e29480    00000700     task.obj (.text)
                  87e29b80    00000520     dsplinknotify.lib : notify.obj (.text)
                  87e2a0a0    00000500     rts64plus.lib : divf.obj (.text:__divf)
                  87e2a5a0    000002e0     dsplinkmplist.lib : _mplist.obj (.text)
                  87e2a880    00000200     rts64plus.lib : mpyf.obj (.text:__mpyf)
                  87e2aa80    000001c0     dsplink.lib : hal_interrupt.obj (.text:DSPLINK_init)
                  87e2ac40    00000180                 : hal_interrupt.obj (.text)
                  87e2adc0    00000160                 : dsplinkips.obj (.text:DSPLINK_init)
                  87e2af20    00000160     dsp_main.obj (.text)
                  87e2b080    00000140     dsplinknotify.lib : _notify.obj (.text)
                  87e2b1c0    00000120     dsplink.lib : shm_drv.obj (.text:DSPLINK_init)
                  87e2b2e0    00000100                 : dsplink.obj (.text:DSPLINK_init)
                  87e2b3e0    000000e0     rts64plus.lib : cmpd.obj (.text:__cmpd)
                  87e2b4c0    000000e0                   : divi.obj (.text:__divi)
                  87e2b5a0    000000e0                   : atoi.obj (.text:_atoi)
                  87e2b680    000000e0                   : memset.obj (.text:_memset)
                  87e2b760    000000c0     dsplinkpool.lib : dsplinkpool.obj (.text:DSPLINK_init)
                  87e2b820    000000c0     rts64plus.lib : divu.obj (.text:__divu)
                  87e2b8e0    000000c0     bios.a64P : tsk_stup.o64P (.text)
                  87e2b9a0    000000c0     dsplink.lib : failure.obj (.text)
                  87e2ba60    000000a0     dsplinkdata.lib : dsplinkdata.obj (.text:DSPLINK_init)
                  87e2bb00    000000a0     dsplinkmsg.lib : dsplinkmqt.obj (.text:DSPLINK_init)
                  87e2bba0    000000a0     rts64plus.lib : frcmpyf_div.obj (.text:__frcmpyf_div)
                  87e2bc40    000000a0                   : remu.obj (.text:__remu)
                  87e2bce0    000000a0                   : memcpy64.obj (.text:_memcpy)
                  87e2bd80    000000a0                   : strncpy.obj (.text:_strncpy)
                  87e2be20    00000080                   : cmpf.obj (.text:__cmpf)
                  87e2bea0    00000080                   : fixfu.obj (.text:__fixfu)
                  87e2bf20    00000060                   : cvtfd.obj (.text:__cvtfd)
                  87e2bf80    00000060                   : frcmpyf.obj (.text:__frcmpyf)
                  87e2bfe0    00000060                   : strcpy.obj (.text:_strcpy)
                  87e2c040    00000060                   : strncmp.obj (.text:_strncmp)
                  87e2c0a0    00000060     dsplink.lib : shm_drv.obj (.text)
                  87e2c100    00000040     rts64plus.lib : fltuf.obj (.text:__fltuf)
                  87e2c140    00000040     dsplink.lib : dsplinkips.obj (.text)
                  87e2c180    00000040                 : hal.obj (.text)
                  87e2c1c0    00000040     dsplinkdata.lib : dsplinkdata.obj (.text)
                  87e2c200    00000040     dsplinkmsg.lib : dsplinkmqt.obj (.text)
                  87e2c240    00000040     dsplinkpool.lib : dsplinkpool.obj (.text)
                  87e2c280    00000040     tsc_h.obj (.text)
                  87e2c2c0    00000020     rts64plus.lib : divf.obj (.text:___isnanf)
                  87e2c2e0    00000020                   : _lock.obj (.text:__nop)
                  87e2c300    00000020                   : _lock.obj (.text:__register_lock)
                  87e2c320    00000020                   : _lock.obj (.text:__register_unlock)

.bios      0    87e2c340    000043c0     
                  87e2c340    00000520     bios.a64P : exc.o64P (.bios)
                  87e2c860    000004e0               : hwi_disp_asm.o64P (.bios)
                  87e2cd40    000004c0               : swi.o64P (.bios)
                  87e2d200    00000380               : prd.o64P (.bios)
                  87e2d580    00000340               : tsk_crea.o64P (.bios)
                  87e2d8c0    00000240               : knl_run.o64P (.bios)
                  87e2db00    00000200               : sem_pend.o64P (.bios)
                  87e2dd00    00000200     bios3430.a64P : clk2430.o64P (.bios)
                  87e2df00    000001e0     bios.a64P : mem_allo.o64P (.bios:.near)
                  87e2e0e0    000001e0               : c62_plug.o64P (.bios)
                  87e2e2c0    000001e0               : exc_asm.o64P (.bios)
                  87e2e4a0    000001e0               : knl_tick.o64P (.bios)
                  87e2e680    000001c0               : mem_free.o64P (.bios:.near)
                  87e2e840    000001c0               : sem_dopo.o64P (.bios)
                  87e2ea00    000001c0     bios3430.a64P : clk.o64P (.bios)
                  87e2ebc0    000001a0     bios.a64P : tsk_setu.o64P (.bios)
                  87e2ed60    00000180               : knl_swit.o64P (.bios)
                  87e2eee0    00000140               : autoinit.o64P (.bios)
                  87e2f020    00000140               : knl_read.o64P (.bios)
                  87e2f160    00000140               : tsk_exit.o64P (.bios)
                  87e2f2a0    00000140     bios3430.a64P : bcache_init.o64P (.bios)
                  87e2f3e0    00000140                   : clk2430_reconfig.o64P (.bios)
                  87e2f520    00000120     bios.a64P : gbl_cacheinit64P.o64P (.bios)
                  87e2f640    00000120               : knl_chec.o64P (.bios)
                  87e2f760    00000120               : tsk_stup.o64P (.bios)
                  87e2f880    00000100     bios3430.a64P : bcache_block.o64P (.bios)
                  87e2f980    000000e0     bios.a64P : sem_post_asm.o64P (.bios)
                  87e2fa60    000000c0               : knl_exit.o64P (.bios)
                  87e2fb20    000000a0               : knl_star.o64P (.bios)
                  87e2fbc0    000000a0               : sem_post.o64P (.bios)
                  87e2fc60    000000a0               : sys_exit.o64P (.bios)
                  87e2fd00    00000080               : hwi_disp.o64P (.bios)
                  87e2fd80    00000080               : hwi_eventmap64P.o64P (.bios)
                  87e2fe00    00000080               : knl_ipos.o64P (.bios)
                  87e2fe80    00000080               : knl_post.o64P (.bios)
                  87e2ff00    00000080               : lck.o64P (.bios)
                  87e2ff80    00000080               : log.o64P (.bios)
                  87e30000    00000080               : obj_crea.o64P (.bios)
                  87e30080    00000080     bios3430.a64P : bcache_all.o64P (.bios)
                  87e30100    00000080                   : bcache_wait.o64P (.bios)
                  87e30180    00000060     bios.a64P : mem_vall.o64P (.bios:.near)
                  87e301e0    00000060               : sys_erro.o64P (.bios:.near)
                  87e30240    00000060               : fxn.o64P (.bios)
                  87e302a0    00000060               : hwi_c.o64P (.bios)
                  87e30300    00000060               : obj_dele.o64P (.bios)
                  87e30360    00000060               : sem_pend_counting.o64P (.bios)
                  87e303c0    00000060               : sts.o64P (.bios)
                  87e30420    00000060               : swi_disable.o64P (.bios)
                  87e30480    00000060               : sys_abor.o64P (.bios)
                  87e304e0    00000060               : utl_putc.o64P (.bios)
                  87e30540    00000040               : c62_c.o64P (.bios)
                  87e30580    00000040               : que_get.o64P (.bios)
                  87e305c0    00000040               : utl_doab.o64P (.bios)
                  87e30600    00000020               : fxn_c.o64P (.bios)
                  87e30620    00000020               : gbl_vers.o64P (.bios)
                  87e30640    00000020               : hook_setenv.o64P (.bios)
                  87e30660    00000020               : idl.o64P (.bios)
                  87e30680    00000020               : sts_set.o64P (.bios)
                  87e306a0    00000020               : utl_doer.o64P (.bios)
                  87e306c0    00000020               : utl_halt.o64P (.bios)
                  87e306e0    00000020     bios3430.a64P : clk2430_gethtime.o64P (.bios)

.stack     0    87e30700    00001000     UNINITIALIZED
                  87e30700    00001000     --HOLE--

.cinit     0    87e31700    00000bb4     
                  87e31700    0000030c     pool_notifycfg.obj (.cinit)
                  87e31a0c    00000004     --HOLE-- [fill = 0]
                  87e31a10    0000026c     bios.a64P : biosdata.o64P (.cinit)
                  87e31c7c    00000004     --HOLE-- [fill = 0]
                  87e31c80    000001a4               : knl.o64P (.cinit)
                  87e31e24    00000004     --HOLE-- [fill = 0]
                  87e31e28    000000b0               : swi.o64P (.cinit)
                  87e31ed8    00000070               : tsk.o64P (.cinit)
                  87e31f48    00000060               : tsk_stup.o64P (.cinit)
                  87e31fa8    0000003c               : exc.o64P (.cinit)
                  87e31fe4    00000004     --HOLE-- [fill = 0]
                  87e31fe8    00000038     pool_notify_config.obj (.cinit)
                  87e32020    00000034     bios.a64P : hwi.o64P (.cinit)
                  87e32054    00000004     --HOLE-- [fill = 0]
                  87e32058    0000002c               : utl_putc.o64P (.cinit)
                  87e32084    00000004     --HOLE-- [fill = 0]
                  87e32088    00000028     dsplink.lib : ips.obj (.cinit)
                  87e320b0    00000024     bios.a64P : obj_init.o64P (.cinit)
                  87e320d4    00000004     --HOLE-- [fill = 0]
                  87e320d8    0000001c               : exc_asm.o64P (.cinit)
                  87e320f4    00000004     --HOLE-- [fill = 0]
                  87e320f8    0000001c               : sys.o64P (.cinit)
                  87e32114    00000004     --HOLE-- [fill = 0]
                  87e32118    0000001c     dsplinkmpcs.lib : _mpcs.obj (.cinit)
                  87e32134    00000004     --HOLE-- [fill = 0]
                  87e32138    0000001c     dsplinkmplist.lib : _mplist.obj (.cinit)
                  87e32154    00000004     --HOLE-- [fill = 0]
                  87e32158    0000001c     dsplinknotify.lib : _notify.obj (.cinit)
                  87e32174    00000004     --HOLE-- [fill = 0]
                  87e32178    0000001c     dsplinkringio.lib : ringio.obj (.cinit)
                  87e32194    00000004     --HOLE-- [fill = 0]
                  87e32198    0000001c     rts64plus.lib : _lock.obj (.cinit)
                  87e321b4    00000004     --HOLE-- [fill = 0]
                  87e321b8    00000018     bios.a64P : knl_tick.o64P (.cinit)
                  87e321d0    00000014               : hwi_disp.o64P (.cinit)
                  87e321e4    00000004     --HOLE-- [fill = 0]
                  87e321e8    00000014     bios3430.a64P : bcache_table.o64P (.cinit)
                  87e321fc    00000004     --HOLE-- [fill = 0]
                  87e32200    00000010     rts64plus.lib : divf.obj (.cinit)
                  87e32210    0000000c     bios.a64P : knl_star.o64P (.cinit)
                  87e3221c    00000004     --HOLE-- [fill = 0]
                  87e32220    0000000c               : knl_swit.o64P (.cinit)
                  87e3222c    00000004     --HOLE-- [fill = 0]
                  87e32230    0000000c               : pool.o64P (.cinit)
                  87e3223c    00000004     --HOLE-- [fill = 0]
                  87e32240    0000000c     bios3430.a64P : bcache_wait.o64P (.cinit)
                  87e3224c    00000004     --HOLE-- [fill = 0]
                  87e32250    0000000c     dsplink.lib : failure.obj (.cinit)
                  87e3225c    00000004     --HOLE-- [fill = 0]
                  87e32260    0000000c                 : shm_drv.obj (.cinit)
                  87e3226c    00000004     --HOLE-- [fill = 0]
                  87e32270    0000000c     dsplinkmsg.lib : dsplinkmqt.obj (.cinit)
                  87e3227c    00000004     --HOLE-- [fill = 0]
                  87e32280    0000000c     task.obj (.cinit)
                  87e3228c    00000004     --HOLE-- [fill = 0]
                  87e32290    0000000a     bios.a64P : pool_init.o64P (.cinit)
                  87e3229a    00000006     --HOLE-- [fill = 0]
                  87e322a0    0000000a     dsplink.lib : dsplink.obj (.cinit)
                  87e322aa    00000006     --HOLE-- [fill = 0]
                  87e322b0    00000004     (.pad.cinit) [fill = 0]

.idl       0    87e322b4    00000004     UNINITIALIZED
                  87e322b4    00000004     pool_notifycfg.obj (.idl)

.const     0    87e322b8    000006ed     
                  87e322b8    00000193     bios.a64P : exc.o64P (.const)
                  87e3244b    00000004               : mem_allo.o64P (.const)
                  87e3244f    00000001     --HOLE-- [fill = 0]
                  87e32450    00000101     rts64plus.lib : ctype.obj (.const:__ctypes_)
                  87e32551    00000003     --HOLE-- [fill = 0]
                  87e32554    00000050     dsplinkpool.lib : sma_pool.obj (.const:.string)
                  87e325a4    0000004e     bios.a64P : pool_init.o64P (.const)
                  87e325f2    0000004e               : tsk_stup.o64P (.const)
                  87e32640    0000004c     dsplinkringio.lib : _ringio.obj (.const:.string)
                  87e3268c    00000044     dsplinkmpcs.lib : _mpcs.obj (.const:.string)
                  87e326d0    00000040                     : mpcs.obj (.const:.string)
                  87e32710    0000003c     dsplink.lib : dsplink.obj (.const:.string)
                  87e3274c    0000003c                 : shm_drv.obj (.const:.string)
                  87e32788    00000038                 : dsplinkips.obj (.const:.string)
                  87e327c0    00000038                 : ips.obj (.const:.string)
                  87e327f8    00000038     dsplinkdata.lib : dsplinkdata.obj (.const:.string)
                  87e32830    00000038     dsplinkmsg.lib : dsplinkmqt.obj (.const:.string)
                  87e32868    00000034     dsplinknotify.lib : _notify.obj (.const:.string)
                  87e3289c    00000034                       : notify.obj (.const:.string)
                  87e328d0    00000034     dsplinkringio.lib : ringio.obj (.const:.string)
                  87e32904    00000028     dsplink.lib : failure.obj (.const:.string)
                  87e3292c    00000023     bios.a64P : utl_doab.o64P (.const)
                  87e3294f    00000022               : utl_doer.o64P (.const)
                  87e32971    00000003     --HOLE-- [fill = 0]
                  87e32974    0000001c     dsplinkmplist.lib : _mplist.obj (.const:.string)
                  87e32990    00000010     dsplinkpool.lib : sma_pool.obj (.const)
                  87e329a0    00000004     bios.a64P : mem_free.o64P (.const)
                  87e329a4    00000001               : tsk.o64P (.const)

.printf    0    87e329a5    0000001a     COPY SECTION
                  87e329a5    0000001a     pool_notifycfg.obj (.printf)

.switch    0    87e329a8    00000014     
                  87e329a8    00000014     dsplinkringio.lib : _ringio.obj (.switch)

.idlcal    0    87e329bc    00000004     UNINITIALIZED
                  87e329bc    00000004     pool_notifycfg.obj (.idlcal)

.sysinit   0    87e329c0    00000600     
                  87e329c0    00000300     pool_notifycfg.obj (.sysinit)
                  87e32cc0    00000120     bios.a64P : pool_init.o64P (.sysinit)
                  87e32de0    000000c0               : boot.o64P (.sysinit)
                  87e32ea0    000000a0               : mem_init.o64P (.sysinit)
                  87e32f40    00000060               : tsk_init.o64P (.sysinit)
                  87e32fa0    00000020               : obj_init.o64P (.sysinit)

.far       0    87e32fc0    00000482     UNINITIALIZED
                  87e32fc0    00000120     dsplink.lib : ips.obj (.far)
                  87e330e0    000000d8     bios.a64P : knl.o64P (.far)
                  87e331b8    00000080     dsplinkpool.lib : dsplinkpool.obj (.far)
                  87e33238    0000005c     bios.a64P : tsk.o64P (.far)
                  87e33294    00000004     bios3430.a64P : bcache_wait.o64P (.far)
                  87e33298    00000054     bios.a64P : obj_init.o64P (.far)
                  87e332ec    00000050               : tsk_stup.o64P (.far)
                  87e3333c    00000004     bios3430.a64P : clk2430_data.o64P (.far)
                  87e33340    00000020     bios.a64P : sys.o64P (.far)
                  87e33360    00000020     pool_notify_config.obj (.far)
                  87e33380    00000014     dsplink.lib : hal_interrupt.obj (.far)
                  87e33394    00000010     bios.a64P : exc.o64P (.far)
                  87e333a4    00000010               : knl_tick.o64P (.far)
                  87e333b4    00000010     dsplink.lib : failure.obj (.far)
                  87e333c4    0000000c     bios.a64P : hwi_disp.o64P (.far)
                  87e333d0    0000000c               : utl_putc.o64P (.far)
                  87e333dc    0000000c     bios3430.a64P : bcache_table.o64P (.far)
                  87e333e8    0000000c     task.obj (.far)
                  87e333f4    00000008     dsp_main.obj (.far)
                  87e333fc    00000008     dsplinkmpcs.lib : _mpcs.obj (.far)
                  87e33404    00000008     dsplinkmplist.lib : _mplist.obj (.far)
                  87e3340c    00000008     dsplinknotify.lib : _notify.obj (.far)
                  87e33414    00000008     dsplinkringio.lib : ringio.obj (.far)
                  87e3341c    00000008     rts64plus.lib : _lock.obj (.far)
                  87e33424    00000004     dsplink.lib : shm_drv.obj (.far)
                  87e33428    00000008     rts64plus.lib : divf.obj (.far)
                  87e33430    00000004     dsplinkdata.lib : dsplinkdata.obj (.far)
                  87e33434    00000004     dsplinkmpcs.lib : mpcs.obj (.far)
                  87e33438    00000004     dsplinkmsg.lib : dsplinkmqt.obj (.far)
                  87e3343c    00000004     pool_notifycfg.obj (.far)
                  87e33440    00000002     dsplink.lib : dsplink.obj (.far)

.mem       0    87e33444    00000004     UNINITIALIZED
                  87e33444    00000004     pool_notifycfg.obj (.mem)

.TSK_idle$stk 
*          0    87e33448    00000400     UNINITIALIZED
                  87e33448    00000400     pool_notifycfg.obj (.TSK_idle$stk)

.bss       0    87e33848    00000336     UNINITIALIZED
                  87e33848    00000100     bios.a64P : hwi_disp_asm.o64P (.bss)
                  87e33948    000000cc               : biosdata.o64P (.bss)
                  87e33a14    0000009c               : swi.o64P (.bss)
                  87e33ab0    00000048               : knl.o64P (.bss)
                  87e33af8    00000020               : exc_asm.o64P (.bss)
                  87e33b18    00000018               : hwi.o64P (.bss)
                  87e33b30    00000010               : exc.o64P (.bss)
                  87e33b40    00000010     pool_notifycfg.obj (.bss)
                  87e33b50    0000000c     bios.a64P : tsk.o64P (.bss)
                  87e33b5c    00000008               : clk_data.o64P (.bss)
                  87e33b64    00000008               : sys.o64P (.bss)
                  87e33b6c    00000004               : clk_data2.o64P (.bss)
                  87e33b70    00000004               : knl_star.o64P (.bss)
                  87e33b74    00000004               : mem_asm.o64P (.bss)
                  87e33b78    00000004               : pool.o64P (.bss)
                  87e33b7c    00000002               : pool_init.o64P (.bss)

.trace$buf 
*          0    87e33b80    00000080     UNINITIALIZED
                  87e33b80    00000080     pool_notifycfg.obj (.trace$buf)

.hwi_vec   0    87e33c00    00000200     
                  87e33c00    00000200     pool_notifycfg.obj (.hwi_vec)

.trace     0    87e33e00    00000200     
                  87e33e00    00000200     --HOLE-- [fill = 00000000]

.LOG_system$buf 
*          0    87e34000    00000100     UNINITIALIZED
                  87e34000    00000100     pool_notifycfg.obj (.LOG_system$buf)

.data:DSPLINK_shmBaseAddress 
*          0    87e34100    00000084     
                  87e34100    00000084     dsplink.lib : dsplink.obj (.data:DSPLINK_shmBaseAddress) [fill = c3f05000]

.tsk       0    87e34184    00000060     UNINITIALIZED
                  87e34184    00000060     pool_notifycfg.obj (.tsk)

.args      0    87e341e4    00000050     
                  87e341e4    00000050     --HOLE-- [fill = 0]

.gblinit   0    87e34234    00000034     
                  87e34234    00000034     pool_notifycfg.obj (.gblinit)

.log       0    87e34268    00000030     
                  87e34268    00000030     pool_notifycfg.obj (.log)

.swi       0    87e34298    0000002c     UNINITIALIZED
                  87e34298    0000002c     pool_notifycfg.obj (.swi)

.sts       0    87e342c4    00000010     
                  87e342c4    00000010     pool_notifycfg.obj (.sts)

.sys       0    87e342d4    00000010     UNINITIALIZED
                  87e342d4    00000010     pool_notifycfg.obj (.sys)

.trcdata   0    87e342e4    0000000c     
                  87e342e4    0000000c     bios.a64P : trc.o64P (.trcdata)

.clk       0    87e342f0    00000008     UNINITIALIZED
                  87e342f0    00000008     pool_notifycfg.obj (.clk)


GLOBAL SYMBOLS: SORTED ALPHABETICALLY BY Name 

address    name
--------   ----
87e33848   $bss
87e33848   .bss
87e00080   .data
87e20080   .text
87e329c0   BIOS_init
87e32c28   BIOS_start
00000000   BUF$
00000001   BUF_ENABLED
ffffffff   CACHE_L1D
ffffffff   CACHE_L1P
ffffffff   CACHE_L2
00000001   CLK$
87e342f0   CLK_A_TABBEG
00000001   CLK_CALDIV
00000001   CLK_CALMULT
00050910   CLK_COUNTSPMS
00000005   CLK_COUNTSPMSHIGH
87e33970   CLK_D_idletime
87e3396c   CLK_D_isrhook
87e33968   CLK_D_tabbeg
87e33964   CLK_D_timefxn
00000001   CLK_ENABLEHTIME
87e2ea00   CLK_F_getltime
87e2ea10   CLK_F_isr
87e2eb60   CLK_F_itime
87e2c860   CLK_HOOKFXN
00000001   CLK_HTIMEDIV
00000001   CLK_HTIMEMULT
00050910   CLK_HTIMEPERLTIME
00004b00   CLK_INPUTCLK
00004000   CLK_INTBIT
00000001   CLK_LTIMEDIV
00050910   CLK_LTIMEMULT
000003e8   CLK_MICROSECS
00004b00   CLK_PRD
00000000   CLK_PRDHIGH
49038000   CLK_REGS
00000000   CLK_RESETTIMER
87e33960   CLK_R_time
00000020   CLK_TCR
00000000   CLK_TDDR
00000000   CLK_TDDRHIGH
87e306e0   CLK_TIMEFXN
00000000   CLK_TIMERNUM
00000005   CLK_TIMMODE
00000001   CLK_USETIMER
87e342f4   CLK_null
87e33b4c   DDR2
87e00080   DDR2$B
00020000   DDR2$L
00000000   DEV$
00000000   DGN$
00000000   DHL$
00000000   DHL_gChannelsAvailable
00000000   DIO$
00000000   DIO_NUMSWIBASE
00000000   DIO_NUMTSKBASE
00000000   DIO_STATIC
00000000   DPI$
ffffffff   DSPLINKMEM
00000000   ECM$
00000000   ECM_ENABLE
ffffffff   ECM_EVTMASK0
ffffffff   ECM_EVTMASK1
ffffffff   ECM_EVTMASK2
ffffffff   ECM_EVTMASK3
0000000a   EVENT10
00000064   EVENT100
00000065   EVENT101
00000066   EVENT102
00000067   EVENT103
00000068   EVENT104
00000069   EVENT105
0000006a   EVENT106
0000006b   EVENT107
0000006c   EVENT108
0000006d   EVENT109
0000000b   EVENT11
0000006e   EVENT110
0000006f   EVENT111
00000070   EVENT112
00000071   EVENT113
00000072   EVENT114
00000073   EVENT115
00000074   EVENT116
00000075   EVENT117
00000076   EVENT118
00000077   EVENT119
0000000c   EVENT12
00000078   EVENT120
00000079   EVENT121
0000007a   EVENT122
0000007b   EVENT123
0000007c   EVENT124
0000007d   EVENT125
0000007e   EVENT126
0000007f   EVENT127
0000000d   EVENT13
0000000e   EVENT14
0000000f   EVENT15
00000010   EVENT16
00000011   EVENT17
00000012   EVENT18
00000013   EVENT19
00000014   EVENT20
00000015   EVENT21
00000016   EVENT22
00000017   EVENT23
00000018   EVENT24
00000019   EVENT25
0000001a   EVENT26
0000001b   EVENT27
0000001c   EVENT28
0000001d   EVENT29
0000001e   EVENT30
0000001f   EVENT31
00000020   EVENT32
00000021   EVENT33
00000022   EVENT34
00000023   EVENT35
00000024   EVENT36
00000025   EVENT37
00000026   EVENT38
00000027   EVENT39
00000004   EVENT4
00000028   EVENT40
00000029   EVENT41
0000002a   EVENT42
0000002b   EVENT43
0000002c   EVENT44
0000002d   EVENT45
0000002e   EVENT46
0000002f   EVENT47
00000030   EVENT48
00000031   EVENT49
00000005   EVENT5
00000032   EVENT50
00000033   EVENT51
00000034   EVENT52
00000035   EVENT53
00000036   EVENT54
00000037   EVENT55
00000038   EVENT56
00000039   EVENT57
0000003a   EVENT58
0000003b   EVENT59
00000006   EVENT6
0000003c   EVENT60
0000003d   EVENT61
0000003e   EVENT62
0000003f   EVENT63
00000040   EVENT64
00000041   EVENT65
00000042   EVENT66
00000043   EVENT67
00000044   EVENT68
00000045   EVENT69
00000007   EVENT7
00000046   EVENT70
00000047   EVENT71
00000048   EVENT72
00000049   EVENT73
0000004a   EVENT74
0000004b   EVENT75
0000004c   EVENT76
0000004d   EVENT77
0000004e   EVENT78
0000004f   EVENT79
00000008   EVENT8
00000050   EVENT80
00000051   EVENT81
00000052   EVENT82
00000053   EVENT83
00000054   EVENT84
00000055   EVENT85
00000056   EVENT86
00000057   EVENT87
00000058   EVENT88
00000059   EVENT89
00000009   EVENT9
0000005a   EVENT90
0000005b   EVENT91
0000005c   EVENT92
0000005d   EVENT93
0000005e   EVENT94
0000005f   EVENT95
00000060   EVENT96
00000061   EVENT97
00000062   EVENT98
00000063   EVENT99
87e30240   FXN_F_nop
87e30244   FXN_F_run
87e30280   FXN_F_zero
00000001   GBL$
00005205   GBL_A_VERSION
00000000   GBL_BCACHEREADADDR0
00000000   GBL_BCACHEREADADDR1
00000000   GBL_BCACHEREADADDR2
00000000   GBL_BIGENDIAN
00000000   GBL_CACHE
00000000   GBL_CALLCSLCFGINIT
00004e20   GBL_CLKIN
00000d66   GBL_CLKTYPE
00001963   GBL_DSPSUBTYPE
0000003e   GBL_DSPTYPE
00000000   GBL_ENABLEINST
00000000   GBL_ENABLE_SK
00000042   GBL_FOOTPRINT
00050910   GBL_FREQ
00000000   GBL_GEMTRUECOMPEN
00000007   GBL_L1DMODE
00000003   GBL_L1PMODE
00000001   GBL_L2CONFIGURE
00000000   GBL_L2MAR0_31
00000080   GBL_L2MAR128_159
00000000   GBL_L2MAR160_191
00000000   GBL_L2MAR192_223
00000000   GBL_L2MAR224_255
00000000   GBL_L2MAR32_63
00000000   GBL_L2MAR64_95
00000000   GBL_L2MAR96_127
00000001   GBL_L2MODE
00000000   GBL_NULL
00000000   GBL_PROCID
00000000   GBL_ROM
00000000   GBL_SUPPORTCSL
00004000   GBL_TRCMASKVALUE
00000000   GBL_USERINIT
87e30600   GBL_USERINITFXN
00000001   GBL_boot
87e342ec   GBL_initdone
87e30700   GBL_stackbeg
87e316ff   GBL_stackend
00000000   GIO$
87e30600   GIO_CREATEFXN
87e30600   GIO_DELETEFXN
87e30600   GIO_PENDFXN
87e30600   GIO_POSTFXN
00000000   HOOK$
00000000   HOOK_KNLID
00000000   HST$
87e00080   HST_A_TABBEG
87e00080   HST_A_TABEND
00000000   HST_DSM
87e33b4c   HST_DSMBUFSEG
00000400   HST_DSMMEMSIZE
87e339dc   HST_D_chanmask
87e339e0   HST_D_tabbeg
87e339e4   HST_D_tabend
00000100   HST_MAXFRAMEALLOWED
00000000   HST_MAXFRAMESET
00000001   HST_NONE
00000000   HST_RTDX
00000001   HWI$
87e33c00   HWI_A_VECS
00004000   HWI_CFGDISPATCHED
87e33b28   HWI_D_bss
87e33b2c   HWI_D_ccmask
87e33b18   HWI_D_spsave
00000001   HWI_ENABLE_EXC
87e2c860   HWI_F_dispatch
00000000   HWI_GENERATE_RESET_VEC
0000000a   HWI_INT10
00000000   HWI_INT10$hwi
0000000b   HWI_INT11
00000000   HWI_INT11$hwi
0000000c   HWI_INT12
00000000   HWI_INT12$hwi
0000000d   HWI_INT13
00000000   HWI_INT13$hwi
0000000e   HWI_INT14
00000000   HWI_INT14$hwi
0000000f   HWI_INT15
00000000   HWI_INT15$hwi
00000004   HWI_INT4
00000000   HWI_INT4$hwi
00000005   HWI_INT5
00000000   HWI_INT5$hwi
00000006   HWI_INT6
00000000   HWI_INT6$hwi
00000007   HWI_INT7
00000000   HWI_INT7$hwi
00000008   HWI_INT8
00000000   HWI_INT8$hwi
00000009   HWI_INT9
00000000   HWI_INT9$hwi
07060504   HWI_INTRMUX1
0a0a0908   HWI_INTRMUX2
34330d0b   HWI_INTRMUX3
00000001   HWI_NMI
00000000   HWI_NMI$hwi
00000000   HWI_POLARITYMASK
00000002   HWI_RESERVED0
00000000   HWI_RESERVED0$hwi
00000003   HWI_RESERVED1
00000000   HWI_RESERVED1$hwi
00000000   HWI_RESET
00000000   HWI_RESET$hwi
00000000   HWI_ZEROTAB
00000000   IDL$
87e329bc   IDL_A_CALBEG
87e322b4   IDL_A_TABBEG
00000000   IDL_CALIBRERROR
00000000   IDL_CALIBRFXN
87e33950   IDL_D_calbeg
87e3394c   IDL_D_calibrate
87e33948   IDL_D_tabbeg
87e322b4   IDL_END
87e329bc   IDL_END$
87e30660   IDL_F_loop
00000000   IDL_USECLKIDLTIME
ffffffff   IRAM
00000001   ISRC$
87e2eeb8   KNL_glue
87e34298   KNL_swi
00000001   KNL_swi$dorta
00000000   KNL_swi$ord
00000000   KNL_swi$pri
87e342c8   KNL_swi$sts
87e329b5   KNL_swi$sts$avgfmt
00000002   KNL_swi$sts$filter
00000001   KNL_swi$sts$filtmaxmult
00000001   KNL_swi$sts$filtsummult
87e329a5   KNL_swi$sts$maxfmt
87e342c4   KNL_swi$sts$stsobj
87e329ad   KNL_swi$sts$sumfmt
00000000   KNL_swi$sts$unittype
00000000   KNL_swi$swi
ffffffff   L1DSRAM
00000001   LCK$
00000001   LOG$
87e34268   LOG_A_TABBEG
87e34298   LOG_A_TABEND
00000002   LOG_A_TABLEN
87e33954   LOG_D_system
00000001   LOG_ENABLED
87e2ff80   LOG_F_event
87e34268   LOG_system
87e34000   LOG_system$buf
00000000   LOG_system$datatype
00000000   LOG_system$log
00000040   LOG_system$size
00000000   MBX$
00000001   MEM$
87e33b4c   MEM_MALLOCSEG
00000000   MEM_NULL
87e33b4c   MEM_SEGZERO
00000000   MEM_USEMPC
00000001   MEM_gNumHeap
00000000   MSGQ$
00000000   MSGQ_USEMSGQ
00000000   OBJ$
00000000   PIP$
87e00080   PIP_A_TABBEG
87e00080   PIP_A_TABEND
00000000   PIP_A_TABLEN
87e33958   PIP_D_tabbeg
87e3395c   PIP_D_tablen
00000064   PIP_OBJSIZE
00000000   PIP_gNextId
00000000   PIP_gNumEmbed
00000001   POOL$
ffffffff   POOLMEM
00000001   POOL_USEPOOL
00000001   PRD$
87e00080   PRD_A_TABBEG
87e00080   PRD_A_TABEND
00000000   PRD_A_TABLEN
87e33998   PRD_D_cur
87e3399c   PRD_D_elapsed
87e339a0   PRD_D_prevtim
87e339a4   PRD_D_scalar
87e339a8   PRD_D_swihandle
87e339ac   PRD_D_tabbeg
87e339b0   PRD_D_tablen
87e339b4   PRD_D_thook
87e33994   PRD_D_tick
87e2d200   PRD_F_swi
87e2d484   PRD_F_tick
00000001   PRD_SCALAR
00000000   PRD_SWIHANDLE
87e2e66c   PRD_THOOKFXN
87e342f0   PRD_clock
00000001   PWRM$
00000000   PWRM_PWRM_CAPSMASK
0000000a   PWRM_PWRM_CLKTICKSPERSLOT
00000000   PWRM_PWRM_ENABLE
00000000   PWRM_PWRM_LOADENABLE
00000001   PWRM_PWRM_NUMSLOTS
00000000   PWRM_PWRM_RESOURCETRACKING
00000000   PWRM_PWRM_SCALING
87e30600   PWRM_PWRM_SHAREDRESOURCEFXN
87e30600   PWRM_PWRM_SLOTHOOKFXN
00000000   PWRM_PWRM_TIMERIDNUM
00000000   PWRM_PWRM_TIMERINTRMASK
00000000   PWRM_PWRM_TIMERWUGENMASK
00000000   PWRM_PWRM_USERRESOURCES
00000000   PWRM_PWRM_USETIMER
00000001   QUE$
ffffffff   RESET_VECTOR
87e339b8   RTA_D_fromHost
87e339c0   RTA_D_logval
87e339d0   RTA_D_stsval
87e339bc   RTA_D_toHost
00000000   RTDX$
00000408   RTDX_BUFMEMSIZE
87e33b4c   RTDX_DATAMEMSEG
00000000   RTDX_MODE
00000000   RTDX_USERTDX
00000000   RTDX_USERTEXECUTION
00000000   SEM$
00000000   SIO$
00000000   STS$
87e342c4   STS_A_TABBEG
87e342d4   STS_A_TABEND
87e303ec   STS_F_add
87e303c0   STS_F_delta
87e30408   STS_F_reset
00000001   SWI$
87e34298   SWI_A_TABBEG
87e342c4   SWI_A_TABEND
00000001   SWI_A_TABLEN
87e33a2c   SWI_D_curfxn
87e33a1c   SWI_D_curmask
87e33a28   SWI_D_curmbox
87e33a20   SWI_D_curset
87e33a18   SWI_D_execaddr
87e33a34   SWI_D_inswi
87e33a24   SWI_D_lock
87e33a30   SWI_D_rdybeg
87e33a38   SWI_D_rdytab
87e33a14   SWI_D_runaddr
00000000   SWI_EHOOKFXN
87e2cf24   SWI_EXECFXN
87e2cd40   SWI_F_enable
87e2cf24   SWI_F_exec
87e2cf4c   SWI_F_iexec
87e2cdb0   SWI_F_post
87e2cfcc   SWI_F_run
00000000   SWI_IHOOKFXN
87e2cfcc   SWI_RUNFXN
00000001   SYS$
87e342d4   SYS$config
87e305c0   SYS_ABORTFXN
87e306a0   SYS_ERRORFXN
87e306c0   SYS_EXITFXN
87e304e0   SYS_PUTCFXN
87e342e8   TRC_R_mask
87e342e4   TRC_cinit
00000001   TSK$
00000000   TSK_NUM_HOOKS
00000001   TSK_PRIORITY
00000000   TSK_READYFXN
87e33b4c   TSK_STACKSEG
00000400   TSK_STACKSIZE
00000000   TSK_SWITCHFXN
87e30600   TSK_VCREATEFXN
87e30600   TSK_VDELETEFXN
87e30600   TSK_VEXITFXN
87e34190   TSK_idle
00000000   TSK_idle$ord
00000000   TSK_idle$pri
87e33448   TSK_idle$stack
87e337e0   TSK_idle$stkptr
00000000   TSK_idle$tsk
00000000   UDEV$
87e2f334   _BCACHE_bootInit
87e2f3b4   _BCACHE_getMar
87e2f364   _BCACHE_getSize
87e2f970   _BCACHE_inv
87e300f0   _BCACHE_invL1pAll
87e2f334   _BCACHE_setCacheToSram
87e2f2e4   _BCACHE_setMar
87e2f2a0   _BCACHE_setSize
87e30100   _BCACHE_wait
87e2f960   _BCACHE_wb
87e300e0   _BCACHE_wbAll
87e2f94c   _BCACHE_wbInv
87e300cc   _BCACHE_wbInvAll
87e329c0   _BIOS_init
87e32c28   _BIOS_start
87e3056c   _C62_clearIFR
87e30540   _C62_disableIER
87e2e0e8   _C62_dispatchPlug
87e30558   _C62_enableIER
87e2e0e0   _C62_plug
87e3056c   _C64_clearIFR
87e30540   _C64_disableIER
87e2e0e8   _C64_dispatchPlug
87e30558   _C64_enableIER
87e2e0e0   _C64_plug
ffffffff   _CACHE_L1D
ffffffff   _CACHE_L1P
ffffffff   _CACHE_L2
00050910   _CLK_COUNTSPMS
87e33b5c   _CLK_DFLTMICROSECS
87e33990   _CLK_D_countspms
87e33984   _CLK_D_dirty
87e33b60   _CLK_D_microseconds
87e33988   _CLK_D_prd
87e3398c   _CLK_D_tddr
87e2eb60   _CLK_F_itime
00004b00   _CLK_PRD
49038000   _CLK_REGS
00000000   _CLK_TDDR
00000000   _CLK_TIMERNUM
00000001   _CLK_USETIMER
87e306e0   _CLK_gethtime
49038000   _CLK_gptimer
87e3343c   _CLK_gptimer_enablemask
87e33974   _CLK_htimeDiv
87e33978   _CLK_htimeMult
87e33b6c   _CLK_htimePerLtime
87e3333c   _CLK_inputClock
87e2eb60   _CLK_itime
87e3397c   _CLK_ltimeDiv
87e33980   _CLK_ltimeMult
87e2f40c   _CLK_reconfig
87e2dd64   _CLK_start
87e2dd00   _CLK_stop
87e33b4c   _DDR2
87e00080   _DDR2_base
00020000   _DDR2_length
87e33430   _DSPLINKDATA_ctrlPtr
87e2ba60   _DSPLINKDATA_init
87e2adc0   _DSPLINKIPS_init
ffffffff   _DSPLINKMEM
87e33438   _DSPLINKMQT_ctrlPtr
87e2bb00   _DSPLINKMQT_init
87e331b8   _DSPLINKPOOL_ctrlPtr
87e2b760   _DSPLINKPOOL_init
87e2b2e0   _DSPLINK_init
87e34100   _DSPLINK_shmBaseAddress
87e34108   _DSPLINK_shmBaseAddress_pad
0000000a   _EVENT10
00000064   _EVENT100
00000065   _EVENT101
00000066   _EVENT102
00000067   _EVENT103
00000068   _EVENT104
00000069   _EVENT105
0000006a   _EVENT106
0000006b   _EVENT107
0000006c   _EVENT108
0000006d   _EVENT109
0000000b   _EVENT11
0000006e   _EVENT110
0000006f   _EVENT111
00000070   _EVENT112
00000071   _EVENT113
00000072   _EVENT114
00000073   _EVENT115
00000074   _EVENT116
00000075   _EVENT117
00000076   _EVENT118
00000077   _EVENT119
0000000c   _EVENT12
00000078   _EVENT120
00000079   _EVENT121
0000007a   _EVENT122
0000007b   _EVENT123
0000007c   _EVENT124
0000007d   _EVENT125
0000007e   _EVENT126
0000007f   _EVENT127
0000000d   _EVENT13
0000000e   _EVENT14
0000000f   _EVENT15
00000010   _EVENT16
00000011   _EVENT17
00000012   _EVENT18
00000013   _EVENT19
00000014   _EVENT20
00000015   _EVENT21
00000016   _EVENT22
00000017   _EVENT23
00000018   _EVENT24
00000019   _EVENT25
0000001a   _EVENT26
0000001b   _EVENT27
0000001c   _EVENT28
0000001d   _EVENT29
0000001e   _EVENT30
0000001f   _EVENT31
00000020   _EVENT32
00000021   _EVENT33
00000022   _EVENT34
00000023   _EVENT35
00000024   _EVENT36
00000025   _EVENT37
00000026   _EVENT38
00000027   _EVENT39
00000004   _EVENT4
00000028   _EVENT40
00000029   _EVENT41
0000002a   _EVENT42
0000002b   _EVENT43
0000002c   _EVENT44
0000002d   _EVENT45
0000002e   _EVENT46
0000002f   _EVENT47
00000030   _EVENT48
00000031   _EVENT49
00000005   _EVENT5
00000032   _EVENT50
00000033   _EVENT51
00000034   _EVENT52
00000035   _EVENT53
00000036   _EVENT54
00000037   _EVENT55
00000038   _EVENT56
00000039   _EVENT57
0000003a   _EVENT58
0000003b   _EVENT59
00000006   _EVENT6
0000003c   _EVENT60
0000003d   _EVENT61
0000003e   _EVENT62
0000003f   _EVENT63
00000040   _EVENT64
00000041   _EVENT65
00000042   _EVENT66
00000043   _EVENT67
00000044   _EVENT68
00000045   _EVENT69
00000007   _EVENT7
00000046   _EVENT70
00000047   _EVENT71
00000048   _EVENT72
00000049   _EVENT73
0000004a   _EVENT74
0000004b   _EVENT75
0000004c   _EVENT76
0000004d   _EVENT77
0000004e   _EVENT78
0000004f   _EVENT79
00000008   _EVENT8
00000050   _EVENT80
00000051   _EVENT81
00000052   _EVENT82
00000053   _EVENT83
00000054   _EVENT84
00000055   _EVENT85
00000056   _EVENT86
00000057   _EVENT87
00000058   _EVENT88
00000059   _EVENT89
00000009   _EVENT9
0000005a   _EVENT90
0000005b   _EVENT91
0000005c   _EVENT92
0000005d   _EVENT93
0000005e   _EVENT94
0000005f   _EVENT95
00000060   _EVENT96
00000061   _EVENT97
00000062   _EVENT98
00000063   _EVENT99
87e2c830   _EXC_clearLastStatus
87e2e2c0   _EXC_dispatch
87e2c6b4   _EXC_exceptionHandler
87e33b30   _EXC_exceptionHook
87e2c680   _EXC_external
87e33b38   _EXC_externalHook
87e2c660   _EXC_getLastStatus
87e2c620   _EXC_init
87e2c374   _EXC_internal
87e33b34   _EXC_internalHook
87e2c340   _EXC_nmi
87e33b3c   _EXC_nmiHook
87e33b00   _EXC_returnPtr
87e2e484   _EXC_setReturnPtr
87e33394   _EXC_status
87e33af8   _EXC_sysTrapTable
87e333c0   _FAIL_Code
87e333b8   _FAIL_File
87e333bc   _FAIL_Line
87e333b4   _FAIL_Set
87e30600   _FXN_F_nop
87e30244   _FXN_F_run
87e30280   _FXN_F_zero
00000000   _GBL_CACHE
87e2f584   _GBL_cacheInit64P
87e339ec   _GBL_clkIn
87e339f0   _GBL_freq
87e30620   _GBL_getVersion
87e339e8   _GBL_procId
87e2c1b4   _HAL_exit
87e2c180   _HAL_init
87e2ad30   _HAL_intClear
87e2ac88   _HAL_intDisable
87e2ac40   _HAL_intEnable
87e2aa80   _HAL_intInit
87e2aaf8   _HAL_intRegister
87e2ad10   _HAL_intSend
87e2acd0   _HAL_intWaitClear
87e30640   _HOOK_setenv
87e00080   _HST_A_TABBEG
87e00080   _HST_A_TABEND
87e333c4   _HWI_ATTRS
00004000   _HWI_CFGDISPATCHED
87e33b24   _HWI_D_inhwi
87e33b18   _HWI_D_spsave
87e2c860   _HWI_F_dispatch
0000000a   _HWI_INT10
0000000b   _HWI_INT11
0000000c   _HWI_INT12
0000000d   _HWI_INT13
0000000e   _HWI_INT14
0000000f   _HWI_INT15
00000004   _HWI_INT4
00000005   _HWI_INT5
00000006   _HWI_INT6
00000007   _HWI_INT7
00000008   _HWI_INT8
00000009   _HWI_INT9
00000001   _HWI_NMI
00000002   _HWI_RESERVED0
00000003   _HWI_RESERVED1
00000000   _HWI_RESET
87e316f8   _HWI_STKBOTTOM
87e30700   _HWI_STKTOP
87e33b18   _HWI_data
87e302a0   _HWI_disable
87e2fd00   _HWI_dispatchPlug
87e33848   _HWI_dispatchTab
87e302b8   _HWI_enable
87e2fd80   _HWI_eventMap
87e302cc   _HWI_restore
87e30660   _IDL_loop
87e264b8   _IPS_clearReserved
87e24fac   _IPS_exit
87e24cdc   _IPS_init
87e26558   _IPS_isNotReserved
87e25bd0   _IPS_notify
87e25124   _IPS_register
87e26418   _IPS_setReserved
87e2569c   _IPS_unregister
ffffffff   _IRAM
87e33ab8   _KNL_alarm
87e2f640   _KNL_check
87e33adc   _KNL_curqueue
87e33acc   _KNL_curtask
87e33ad4   _KNL_curtime
87e33180   _KNL_dummy
87e2faa0   _KNL_enter
87e2fa60   _KNL_exit
87e2f708   _KNL_idle
87e33af4   _KNL_idlefxn
87e33ac0   _KNL_inactive
87e2fe00   _KNL_ipost
87e2f730   _KNL_max
87e33ae0   _KNL_maxqueue
87e2fe80   _KNL_post
87e33ad0   _KNL_prevtask
87e33ac4   _KNL_priority
87e330e0   _KNL_queues
87e2f020   _KNL_ready
87e2d8c0   _KNL_run
87e2ed60   _KNL_saveIsrFrame
87e33ac8   _KNL_set
87e33abc   _KNL_setpri
87e2fb20   _KNL_start
87e34298   _KNL_swi
87e33ad8   _KNL_swiptr
87e2ee0c   _KNL_switch
87e33ae8   _KNL_tcreatefxn
87e33aec   _KNL_tdeletefxn
87e2e66c   _KNL_tick
87e33af0   _KNL_treadyfxn
87e33ae4   _KNL_tswitchfxn
87e33ab0   _KNL_wFlag
87e33ab4   _KNL_wList
ffffffff   _L1DSRAM
87e2ff20   _LCK_pend
87e2ff00   _LCK_post
87e34268   _LOG_A_TABBEG
87e34298   _LOG_A_TABEND
00000002   _LOG_A_TABLEN
87e33954   _LOG_D_system
87e2ff80   _LOG_event
87e34268   _LOG_system
87e33b74   _MEM
87e339f4   _MEM_D_NUMSEGMENTS
87e339fc   _MEM_D_freelist
87e33a00   _MEM_D_lockaddr
87e339f8   _MEM_D_memtab
87e33a04   _MEM_D_unlockaddr
87e2df00   _MEM_alloc
87e2e680   _MEM_free
87e32ea0   _MEM_init
87e33b40   _MEM_memtab
87e30180   _MEM_valloc
87e333f4   _MPCSXFER_BufferSize
87e333f8   _MPCSXFER_NumIterations
87e27524   _MPCS_close
87e2664c   _MPCS_create
87e33400   _MPCS_csObj
87e333fc   _MPCS_ctrlPtr
87e26de4   _MPCS_delete
87e27648   _MPCS_enter
87e28f90   _MPCS_exit
87e28dac   _MPCS_init
87e278ec   _MPCS_leave
87e273c0   _MPCS_open
87e33404   _MPLIST_ctrlPtr
87e2a7f0   _MPLIST_exit
87e2a60c   _MPLIST_init
87e33408   _MPLIST_mpcsObj
87e3340c   _NOTIFY_ctrlPtr
87e2b0ac   _NOTIFY_init
87e29f68   _NOTIFY_notify
87e33410   _NOTIFY_numIps
87e29b80   _NOTIFY_register
87e29d3c   _NOTIFY_unregister
87e30000   _OBJ_create
87e30300   _OBJ_delete
87e32fa0   _OBJ_init
87e332d0   _OBJ_segtab
87e33298   _OBJ_table
87e00080   _PIP_A_TABBEG
87e00080   _PIP_A_TABEND
87e33b78   _POOL
ffffffff   _POOLMEM
87e33378   _POOL_config
87e32cc0   _POOL_init
87e28c48   _POOL_open
87e33994   _PRD_D_tick
87e342f0   _PRD_clock
87e30580   _QUE_get
87e305a8   _QUE_put
ffffffff   _RESET_VECTOR
87e33414   _RingIO_ctrlPtr
87e20498   _RingIO_exit
87e202a8   _RingIO_init
87e33418   _RingIO_mpcsObj
87e30360   _SEM_pend
87e2db00   _SEM_pendEnterKnl
87e2f980   _SEM_post
87e2f980   _SEM_postBinary
87e2fbc0   _SEM_postEnterKnl
87e2b228   _SHMDRV_handshake
87e2b1c0   _SHMDRV_init
87e32990   _SMAPOOL_FXNS
87e27d10   _SMAPOOL_alloc
87e280f8   _SMAPOOL_free
87e27b64   _SMAPOOL_init
87e27b88   _SMAPOOL_open
87e342c4   _STS_A_TABBEG
87e342d4   _STS_A_TABEND
87e303ec   _STS_add
87e303c0   _STS_delta
87e30408   _STS_reset
87e30680   _STS_set
87e33a2c   _SWI_D_curfxn
87e33a1c   _SWI_D_curmask
87e33a20   _SWI_D_curset
87e33a18   _SWI_D_execaddr
87e33a34   _SWI_D_inswi
87e33a24   _SWI_D_lock
87e33a30   _SWI_D_rdybeg
87e33a14   _SWI_D_runaddr
87e33a14   _SWI_data
87e30420   _SWI_disable
87e30444   _SWI_enable
87e2cdb0   _SWI_post
87e33a08   _SYS
87e33e00   _SYS_PUTCBEG
87e33fff   _SYS_PUTCEND
87e30480   _SYS_abort
87e301e0   _SYS_error
87e2fc60   _SYS_exit
87e33340   _SYS_exitStack
87e33b64   _SYS_exitStackPtr
87e33b68   _SYS_exitStackTop
87e33360   _SamplePoolParams
87e2b9a0   _SetReason
87e342e8   _TRC_R_mask
87e2c280   _TSC_enable
87e2c288   _TSC_read
87e33b58   _TSK
87e33238   _TSK_ATTRS
87e33254   _TSK_config
87e2d580   _TSK_create
87e2f160   _TSK_exit
87e34190   _TSK_idle
87e32f40   _TSK_init
87e33b50   _TSK_nTasks
87e33b54   _TSK_pid
87e2ebc0   _TSK_setup
87e2f804   _TSK_startup
87e33274   _TSK_timerSem
87e294e4   _Task_create
87e29a50   _Task_delete
87e29668   _Task_execute
87e305c0   _UTL_doAbort
87e306a0   _UTL_doError
87e304e0   _UTL_doPutc
87e306c0   _UTL_halt
87e33294   __BCACHE_emifAddr
87e333dc   __BCACHE_readTable
87e2eb7c   __CLK_lat1beg
87e2eba0   __CLK_lat1end
87e2853c   __DSPLINK_init
87e33a10   __HOOK_NUMHOOKS
87e33a0c   __HOOK_knlId
87e2c860   __HWI_lat1beg
87e2c9e8   __HWI_lat1end
87e2c9e8   __HWI_lat2beg
87e2cbc4   __HWI_lat2end1
87e2cb50   __HWI_lat2end2
87e2cbe0   __HWI_lat3beg
87e2cb80   __HWI_lat3end2
87e2f68c   __KNL_lat1beg
87e2f708   __KNL_lat1end
87e2ff80   __LOG_lat1beg
87e33314   __MEM_mutex
87e29020   __MPCS_open
48004000   __PWRM_CM_BASEADDR
5d000000   __PWRM_IVAMMU_BASEADDR
48306000   __PWRM_PRM_BASEADDR
48002000   __PWRM_SCM_BASEADDR
00000000   __PWRM_TIMERBASEADDR
00000020   __PWRM_TIMERINPUTCLK
00000000   __PWRM_TIMERINTRMASK
0000000a   __PWRM_TIMERPERIOD
00000000   __PWRM_USETIMER
87e30580   __QUE_lat1beg
87e305a0   __QUE_lat1end
87e305a8   __QUE_lat2beg
87e305b4   __QUE_lat2end
87e23834   __RingIO_callNotifier
87e23b20   __RingIO_checkNotifier
87e24474   __RingIO_getContiguousDataSize
87e23f00   __RingIO_getFirstAcquiredAttr
87e24060   __RingIO_getFirstAttr
87e23d34   __RingIO_initInstance
87e24a40   __RingIO_invalidateDataBuffer
87e20aa8   __RingIO_readerAcquire
87e23670   __RingIO_readerCancel
87e229b8   __RingIO_readerFlush
87e21cec   __RingIO_readerGetvAttribute
87e2142c   __RingIO_readerRelease
87e2421c   __RingIO_releaseAttribute
87e24744   __RingIO_updateAttributes
87e20548   __RingIO_writerAcquire
87e231d0   __RingIO_writerCancel
87e221c0   __RingIO_writerFlush
87e21198   __RingIO_writerRelease
87e217fc   __RingIO_writerSetvAttribute
87e2e840   __SEM_dopost
00001000   __STACK_SIZE
87e2ceb8   __SWI_lat1beg
87e2cf64   __SWI_lat1end
87e2cf68   __SWI_lat2beg
87e2cfc8   __SWI_lat2end
87e2cd40   __SWI_lat3beg
87e2cdac   __SWI_lat3end
87e332ec   __TSK_mutex
ffffffff   ___TI_pprof_out_hndl
ffffffff   ___TI_prof_data_size
ffffffff   ___TI_prof_data_start
ffffffff   ___binit__
87e33848   ___bss__
ffffffff   ___c_args__
87e31700   ___cinit__
87e00080   ___data__
87e00080   ___edata__
87e33b7e   ___end__
87e2c340   ___etext__
ffffffff   ___pinit__
87e20080   ___text__
87e2eee0   __auto_init
87e2b3e0   __cmpd
87e2be20   __cmpf
87e32450   __ctypes_
87e2bf20   __cvtfd
87e2a0a0   __divf
87e2b4c0   __divi
87e2b820   __divu
87e2bea0   __fixfu
87e2c100   __fltuf
87e2bf80   __frcmpyf
87e2bba0   __frcmpyf_div
87e3341c   __lock
87e2a880   __mpyf
87e2c2e0   __nop
87e2c300   __register_lock
87e2c320   __register_unlock
87e2bc40   __remu
87e30700   __stack
87e33420   __unlock
87e2b5a0   _atoi
87e333e8   _buf
87e32de0   _c_int00
87e333ec   _length
87e2af20   _main
87e2bce0   _memcpy
87e2b680   _memset
87e33368   _pool_notify_Pools
87e2bfe0   _strcpy
87e2c040   _strncmp
87e2bd80   _strncpy
87e34280   _trace
ffffffff   binit
87e31700   cinit
87e00080   edata
87e33b7e   end
87e2c340   etext
87e33c00   hwi0
87e33c20   hwi1
87e33d40   hwi10
87e33d60   hwi11
87e33d80   hwi12
87e33da0   hwi13
87e33dc0   hwi14
87e33de0   hwi15
87e33c40   hwi2
87e33c60   hwi3
87e33c80   hwi4
87e33ca0   hwi5
87e33cc0   hwi6
87e33ce0   hwi7
87e33d00   hwi8
87e33d20   hwi9
ffffffff   pinit
87e34280   trace
87e33b80   trace$buf
00000001   trace$datatype
00000000   trace$log
00000020   trace$size


GLOBAL SYMBOLS: SORTED BY Symbol Address 

address    name
--------   ----
00000000   BUF$
00000000   CLK_PRDHIGH
00000000   CLK_RESETTIMER
00000000   CLK_TDDR
00000000   CLK_TDDRHIGH
00000000   CLK_TIMERNUM
00000000   DEV$
00000000   DGN$
00000000   DHL$
00000000   DHL_gChannelsAvailable
00000000   DIO$
00000000   DIO_NUMSWIBASE
00000000   DIO_NUMTSKBASE
00000000   DIO_STATIC
00000000   DPI$
00000000   ECM$
00000000   ECM_ENABLE
00000000   GBL_BCACHEREADADDR0
00000000   GBL_BCACHEREADADDR1
00000000   GBL_BCACHEREADADDR2
00000000   GBL_BIGENDIAN
00000000   GBL_CACHE
00000000   GBL_CALLCSLCFGINIT
00000000   GBL_ENABLEINST
00000000   GBL_ENABLE_SK
00000000   GBL_GEMTRUECOMPEN
00000000   GBL_L2MAR0_31
00000000   GBL_L2MAR160_191
00000000   GBL_L2MAR192_223
00000000   GBL_L2MAR224_255
00000000   GBL_L2MAR32_63
00000000   GBL_L2MAR64_95
00000000   GBL_L2MAR96_127
00000000   GBL_NULL
00000000   GBL_PROCID
00000000   GBL_ROM
00000000   GBL_SUPPORTCSL
00000000   GBL_USERINIT
00000000   GIO$
00000000   HOOK$
00000000   HOOK_KNLID
00000000   HST$
00000000   HST_DSM
00000000   HST_MAXFRAMESET
00000000   HST_RTDX
00000000   HWI_GENERATE_RESET_VEC
00000000   HWI_INT10$hwi
00000000   HWI_INT11$hwi
00000000   HWI_INT12$hwi
00000000   HWI_INT13$hwi
00000000   HWI_INT14$hwi
00000000   HWI_INT15$hwi
00000000   HWI_INT4$hwi
00000000   HWI_INT5$hwi
00000000   HWI_INT6$hwi
00000000   HWI_INT7$hwi
00000000   HWI_INT8$hwi
00000000   HWI_INT9$hwi
00000000   HWI_NMI$hwi
00000000   HWI_POLARITYMASK
00000000   HWI_RESERVED0$hwi
00000000   HWI_RESERVED1$hwi
00000000   HWI_RESET
00000000   HWI_RESET$hwi
00000000   HWI_ZEROTAB
00000000   IDL$
00000000   IDL_CALIBRERROR
00000000   IDL_CALIBRFXN
00000000   IDL_USECLKIDLTIME
00000000   KNL_swi$ord
00000000   KNL_swi$pri
00000000   KNL_swi$sts$unittype
00000000   KNL_swi$swi
00000000   LOG_system$datatype
00000000   LOG_system$log
00000000   MBX$
00000000   MEM_NULL
00000000   MEM_USEMPC
00000000   MSGQ$
00000000   MSGQ_USEMSGQ
00000000   OBJ$
00000000   PIP$
00000000   PIP_A_TABLEN
00000000   PIP_gNextId
00000000   PIP_gNumEmbed
00000000   PRD_A_TABLEN
00000000   PRD_SWIHANDLE
00000000   PWRM_PWRM_CAPSMASK
00000000   PWRM_PWRM_ENABLE
00000000   PWRM_PWRM_LOADENABLE
00000000   PWRM_PWRM_RESOURCETRACKING
00000000   PWRM_PWRM_SCALING
00000000   PWRM_PWRM_TIMERIDNUM
00000000   PWRM_PWRM_TIMERINTRMASK
00000000   PWRM_PWRM_TIMERWUGENMASK
00000000   PWRM_PWRM_USERRESOURCES
00000000   PWRM_PWRM_USETIMER
00000000   RTDX$
00000000   RTDX_MODE
00000000   RTDX_USERTDX
00000000   RTDX_USERTEXECUTION
00000000   SEM$
00000000   SIO$
00000000   STS$
00000000   SWI_EHOOKFXN
00000000   SWI_IHOOKFXN
00000000   TSK_NUM_HOOKS
00000000   TSK_READYFXN
00000000   TSK_SWITCHFXN
00000000   TSK_idle$ord
00000000   TSK_idle$pri
00000000   TSK_idle$tsk
00000000   UDEV$
00000000   _CLK_TDDR
00000000   _CLK_TIMERNUM
00000000   _GBL_CACHE
00000000   _HWI_RESET
00000000   __PWRM_TIMERBASEADDR
00000000   __PWRM_TIMERINTRMASK
00000000   __PWRM_USETIMER
00000000   trace$log
00000001   BUF_ENABLED
00000001   CLK$
00000001   CLK_CALDIV
00000001   CLK_CALMULT
00000001   CLK_ENABLEHTIME
00000001   CLK_HTIMEDIV
00000001   CLK_HTIMEMULT
00000001   CLK_LTIMEDIV
00000001   CLK_USETIMER
00000001   GBL$
00000001   GBL_L2CONFIGURE
00000001   GBL_L2MODE
00000001   GBL_boot
00000001   HST_NONE
00000001   HWI$
00000001   HWI_ENABLE_EXC
00000001   HWI_NMI
00000001   ISRC$
00000001   KNL_swi$dorta
00000001   KNL_swi$sts$filtmaxmult
00000001   KNL_swi$sts$filtsummult
00000001   LCK$
00000001   LOG$
00000001   LOG_ENABLED
00000001   MEM$
00000001   MEM_gNumHeap
00000001   POOL$
00000001   POOL_USEPOOL
00000001   PRD$
00000001   PRD_SCALAR
00000001   PWRM$
00000001   PWRM_PWRM_NUMSLOTS
00000001   QUE$
00000001   SWI$
00000001   SWI_A_TABLEN
00000001   SYS$
00000001   TSK$
00000001   TSK_PRIORITY
00000001   _CLK_USETIMER
00000001   _HWI_NMI
00000001   trace$datatype
00000002   HWI_RESERVED0
00000002   KNL_swi$sts$filter
00000002   LOG_A_TABLEN
00000002   _HWI_RESERVED0
00000002   _LOG_A_TABLEN
00000003   GBL_L1PMODE
00000003   HWI_RESERVED1
00000003   _HWI_RESERVED1
00000004   EVENT4
00000004   HWI_INT4
00000004   _EVENT4
00000004   _HWI_INT4
00000005   CLK_COUNTSPMSHIGH
00000005   CLK_TIMMODE
00000005   EVENT5
00000005   HWI_INT5
00000005   _EVENT5
00000005   _HWI_INT5
00000006   EVENT6
00000006   HWI_INT6
00000006   _EVENT6
00000006   _HWI_INT6
00000007   EVENT7
00000007   GBL_L1DMODE
00000007   HWI_INT7
00000007   _EVENT7
00000007   _HWI_INT7
00000008   EVENT8
00000008   HWI_INT8
00000008   _EVENT8
00000008   _HWI_INT8
00000009   EVENT9
00000009   HWI_INT9
00000009   _EVENT9
00000009   _HWI_INT9
0000000a   EVENT10
0000000a   HWI_INT10
0000000a   PWRM_PWRM_CLKTICKSPERSLOT
0000000a   _EVENT10
0000000a   _HWI_INT10
0000000a   __PWRM_TIMERPERIOD
0000000b   EVENT11
0000000b   HWI_INT11
0000000b   _EVENT11
0000000b   _HWI_INT11
0000000c   EVENT12
0000000c   HWI_INT12
0000000c   _EVENT12
0000000c   _HWI_INT12
0000000d   EVENT13
0000000d   HWI_INT13
0000000d   _EVENT13
0000000d   _HWI_INT13
0000000e   EVENT14
0000000e   HWI_INT14
0000000e   _EVENT14
0000000e   _HWI_INT14
0000000f   EVENT15
0000000f   HWI_INT15
0000000f   _EVENT15
0000000f   _HWI_INT15
00000010   EVENT16
00000010   _EVENT16
00000011   EVENT17
00000011   _EVENT17
00000012   EVENT18
00000012   _EVENT18
00000013   EVENT19
00000013   _EVENT19
00000014   EVENT20
00000014   _EVENT20
00000015   EVENT21
00000015   _EVENT21
00000016   EVENT22
00000016   _EVENT22
00000017   EVENT23
00000017   _EVENT23
00000018   EVENT24
00000018   _EVENT24
00000019   EVENT25
00000019   _EVENT25
0000001a   EVENT26
0000001a   _EVENT26
0000001b   EVENT27
0000001b   _EVENT27
0000001c   EVENT28
0000001c   _EVENT28
0000001d   EVENT29
0000001d   _EVENT29
0000001e   EVENT30
0000001e   _EVENT30
0000001f   EVENT31
0000001f   _EVENT31
00000020   CLK_TCR
00000020   EVENT32
00000020   _EVENT32
00000020   __PWRM_TIMERINPUTCLK
00000020   trace$size
00000021   EVENT33
00000021   _EVENT33
00000022   EVENT34
00000022   _EVENT34
00000023   EVENT35
00000023   _EVENT35
00000024   EVENT36
00000024   _EVENT36
00000025   EVENT37
00000025   _EVENT37
00000026   EVENT38
00000026   _EVENT38
00000027   EVENT39
00000027   _EVENT39
00000028   EVENT40
00000028   _EVENT40
00000029   EVENT41
00000029   _EVENT41
0000002a   EVENT42
0000002a   _EVENT42
0000002b   EVENT43
0000002b   _EVENT43
0000002c   EVENT44
0000002c   _EVENT44
0000002d   EVENT45
0000002d   _EVENT45
0000002e   EVENT46
0000002e   _EVENT46
0000002f   EVENT47
0000002f   _EVENT47
00000030   EVENT48
00000030   _EVENT48
00000031   EVENT49
00000031   _EVENT49
00000032   EVENT50
00000032   _EVENT50
00000033   EVENT51
00000033   _EVENT51
00000034   EVENT52
00000034   _EVENT52
00000035   EVENT53
00000035   _EVENT53
00000036   EVENT54
00000036   _EVENT54
00000037   EVENT55
00000037   _EVENT55
00000038   EVENT56
00000038   _EVENT56
00000039   EVENT57
00000039   _EVENT57
0000003a   EVENT58
0000003a   _EVENT58
0000003b   EVENT59
0000003b   _EVENT59
0000003c   EVENT60
0000003c   _EVENT60
0000003d   EVENT61
0000003d   _EVENT61
0000003e   EVENT62
0000003e   GBL_DSPTYPE
0000003e   _EVENT62
0000003f   EVENT63
0000003f   _EVENT63
00000040   EVENT64
00000040   LOG_system$size
00000040   _EVENT64
00000041   EVENT65
00000041   _EVENT65
00000042   EVENT66
00000042   GBL_FOOTPRINT
00000042   _EVENT66
00000043   EVENT67
00000043   _EVENT67
00000044   EVENT68
00000044   _EVENT68
00000045   EVENT69
00000045   _EVENT69
00000046   EVENT70
00000046   _EVENT70
00000047   EVENT71
00000047   _EVENT71
00000048   EVENT72
00000048   _EVENT72
00000049   EVENT73
00000049   _EVENT73
0000004a   EVENT74
0000004a   _EVENT74
0000004b   EVENT75
0000004b   _EVENT75
0000004c   EVENT76
0000004c   _EVENT76
0000004d   EVENT77
0000004d   _EVENT77
0000004e   EVENT78
0000004e   _EVENT78
0000004f   EVENT79
0000004f   _EVENT79
00000050   EVENT80
00000050   _EVENT80
00000051   EVENT81
00000051   _EVENT81
00000052   EVENT82
00000052   _EVENT82
00000053   EVENT83
00000053   _EVENT83
00000054   EVENT84
00000054   _EVENT84
00000055   EVENT85
00000055   _EVENT85
00000056   EVENT86
00000056   _EVENT86
00000057   EVENT87
00000057   _EVENT87
00000058   EVENT88
00000058   _EVENT88
00000059   EVENT89
00000059   _EVENT89
0000005a   EVENT90
0000005a   _EVENT90
0000005b   EVENT91
0000005b   _EVENT91
0000005c   EVENT92
0000005c   _EVENT92
0000005d   EVENT93
0000005d   _EVENT93
0000005e   EVENT94
0000005e   _EVENT94
0000005f   EVENT95
0000005f   _EVENT95
00000060   EVENT96
00000060   _EVENT96
00000061   EVENT97
00000061   _EVENT97
00000062   EVENT98
00000062   _EVENT98
00000063   EVENT99
00000063   _EVENT99
00000064   EVENT100
00000064   PIP_OBJSIZE
00000064   _EVENT100
00000065   EVENT101
00000065   _EVENT101
00000066   EVENT102
00000066   _EVENT102
00000067   EVENT103
00000067   _EVENT103
00000068   EVENT104
00000068   _EVENT104
00000069   EVENT105
00000069   _EVENT105
0000006a   EVENT106
0000006a   _EVENT106
0000006b   EVENT107
0000006b   _EVENT107
0000006c   EVENT108
0000006c   _EVENT108
0000006d   EVENT109
0000006d   _EVENT109
0000006e   EVENT110
0000006e   _EVENT110
0000006f   EVENT111
0000006f   _EVENT111
00000070   EVENT112
00000070   _EVENT112
00000071   EVENT113
00000071   _EVENT113
00000072   EVENT114
00000072   _EVENT114
00000073   EVENT115
00000073   _EVENT115
00000074   EVENT116
00000074   _EVENT116
00000075   EVENT117
00000075   _EVENT117
00000076   EVENT118
00000076   _EVENT118
00000077   EVENT119
00000077   _EVENT119
00000078   EVENT120
00000078   _EVENT120
00000079   EVENT121
00000079   _EVENT121
0000007a   EVENT122
0000007a   _EVENT122
0000007b   EVENT123
0000007b   _EVENT123
0000007c   EVENT124
0000007c   _EVENT124
0000007d   EVENT125
0000007d   _EVENT125
0000007e   EVENT126
0000007e   _EVENT126
0000007f   EVENT127
0000007f   _EVENT127
00000080   GBL_L2MAR128_159
00000100   HST_MAXFRAMEALLOWED
000003e8   CLK_MICROSECS
00000400   HST_DSMMEMSIZE
00000400   TSK_STACKSIZE
00000408   RTDX_BUFMEMSIZE
00000d66   GBL_CLKTYPE
00001000   __STACK_SIZE
00001963   GBL_DSPSUBTYPE
00004000   CLK_INTBIT
00004000   GBL_TRCMASKVALUE
00004000   HWI_CFGDISPATCHED
00004000   _HWI_CFGDISPATCHED
00004b00   CLK_INPUTCLK
00004b00   CLK_PRD
00004b00   _CLK_PRD
00004e20   GBL_CLKIN
00005205   GBL_A_VERSION
00020000   DDR2$L
00020000   _DDR2_length
00050910   CLK_COUNTSPMS
00050910   CLK_HTIMEPERLTIME
00050910   CLK_LTIMEMULT
00050910   GBL_FREQ
00050910   _CLK_COUNTSPMS
07060504   HWI_INTRMUX1
0a0a0908   HWI_INTRMUX2
34330d0b   HWI_INTRMUX3
48002000   __PWRM_SCM_BASEADDR
48004000   __PWRM_CM_BASEADDR
48306000   __PWRM_PRM_BASEADDR
49038000   CLK_REGS
49038000   _CLK_REGS
49038000   _CLK_gptimer
5d000000   __PWRM_IVAMMU_BASEADDR
87e00080   .data
87e00080   DDR2$B
87e00080   HST_A_TABBEG
87e00080   HST_A_TABEND
87e00080   PIP_A_TABBEG
87e00080   PIP_A_TABEND
87e00080   PRD_A_TABBEG
87e00080   PRD_A_TABEND
87e00080   _DDR2_base
87e00080   _HST_A_TABBEG
87e00080   _HST_A_TABEND
87e00080   _PIP_A_TABBEG
87e00080   _PIP_A_TABEND
87e00080   ___data__
87e00080   ___edata__
87e00080   edata
87e20080   .text
87e20080   ___text__
87e202a8   _RingIO_init
87e20498   _RingIO_exit
87e20548   __RingIO_writerAcquire
87e20aa8   __RingIO_readerAcquire
87e21198   __RingIO_writerRelease
87e2142c   __RingIO_readerRelease
87e217fc   __RingIO_writerSetvAttribute
87e21cec   __RingIO_readerGetvAttribute
87e221c0   __RingIO_writerFlush
87e229b8   __RingIO_readerFlush
87e231d0   __RingIO_writerCancel
87e23670   __RingIO_readerCancel
87e23834   __RingIO_callNotifier
87e23b20   __RingIO_checkNotifier
87e23d34   __RingIO_initInstance
87e23f00   __RingIO_getFirstAcquiredAttr
87e24060   __RingIO_getFirstAttr
87e2421c   __RingIO_releaseAttribute
87e24474   __RingIO_getContiguousDataSize
87e24744   __RingIO_updateAttributes
87e24a40   __RingIO_invalidateDataBuffer
87e24cdc   _IPS_init
87e24fac   _IPS_exit
87e25124   _IPS_register
87e2569c   _IPS_unregister
87e25bd0   _IPS_notify
87e26418   _IPS_setReserved
87e264b8   _IPS_clearReserved
87e26558   _IPS_isNotReserved
87e2664c   _MPCS_create
87e26de4   _MPCS_delete
87e273c0   _MPCS_open
87e27524   _MPCS_close
87e27648   _MPCS_enter
87e278ec   _MPCS_leave
87e27b64   _SMAPOOL_init
87e27b88   _SMAPOOL_open
87e27d10   _SMAPOOL_alloc
87e280f8   _SMAPOOL_free
87e2853c   __DSPLINK_init
87e28c48   _POOL_open
87e28dac   _MPCS_init
87e28f90   _MPCS_exit
87e29020   __MPCS_open
87e294e4   _Task_create
87e29668   _Task_execute
87e29a50   _Task_delete
87e29b80   _NOTIFY_register
87e29d3c   _NOTIFY_unregister
87e29f68   _NOTIFY_notify
87e2a0a0   __divf
87e2a60c   _MPLIST_init
87e2a7f0   _MPLIST_exit
87e2a880   __mpyf
87e2aa80   _HAL_intInit
87e2aaf8   _HAL_intRegister
87e2ac40   _HAL_intEnable
87e2ac88   _HAL_intDisable
87e2acd0   _HAL_intWaitClear
87e2ad10   _HAL_intSend
87e2ad30   _HAL_intClear
87e2adc0   _DSPLINKIPS_init
87e2af20   _main
87e2b0ac   _NOTIFY_init
87e2b1c0   _SHMDRV_init
87e2b228   _SHMDRV_handshake
87e2b2e0   _DSPLINK_init
87e2b3e0   __cmpd
87e2b4c0   __divi
87e2b5a0   _atoi
87e2b680   _memset
87e2b760   _DSPLINKPOOL_init
87e2b820   __divu
87e2b9a0   _SetReason
87e2ba60   _DSPLINKDATA_init
87e2bb00   _DSPLINKMQT_init
87e2bba0   __frcmpyf_div
87e2bc40   __remu
87e2bce0   _memcpy
87e2bd80   _strncpy
87e2be20   __cmpf
87e2bea0   __fixfu
87e2bf20   __cvtfd
87e2bf80   __frcmpyf
87e2bfe0   _strcpy
87e2c040   _strncmp
87e2c100   __fltuf
87e2c180   _HAL_init
87e2c1b4   _HAL_exit
87e2c280   _TSC_enable
87e2c288   _TSC_read
87e2c2e0   __nop
87e2c300   __register_lock
87e2c320   __register_unlock
87e2c340   _EXC_nmi
87e2c340   ___etext__
87e2c340   etext
87e2c374   _EXC_internal
87e2c620   _EXC_init
87e2c660   _EXC_getLastStatus
87e2c680   _EXC_external
87e2c6b4   _EXC_exceptionHandler
87e2c830   _EXC_clearLastStatus
87e2c860   CLK_HOOKFXN
87e2c860   HWI_F_dispatch
87e2c860   _HWI_F_dispatch
87e2c860   __HWI_lat1beg
87e2c9e8   __HWI_lat1end
87e2c9e8   __HWI_lat2beg
87e2cb50   __HWI_lat2end2
87e2cb80   __HWI_lat3end2
87e2cbc4   __HWI_lat2end1
87e2cbe0   __HWI_lat3beg
87e2cd40   SWI_F_enable
87e2cd40   __SWI_lat3beg
87e2cdac   __SWI_lat3end
87e2cdb0   SWI_F_post
87e2cdb0   _SWI_post
87e2ceb8   __SWI_lat1beg
87e2cf24   SWI_EXECFXN
87e2cf24   SWI_F_exec
87e2cf4c   SWI_F_iexec
87e2cf64   __SWI_lat1end
87e2cf68   __SWI_lat2beg
87e2cfc8   __SWI_lat2end
87e2cfcc   SWI_F_run
87e2cfcc   SWI_RUNFXN
87e2d200   PRD_F_swi
87e2d484   PRD_F_tick
87e2d580   _TSK_create
87e2d8c0   _KNL_run
87e2db00   _SEM_pendEnterKnl
87e2dd00   _CLK_stop
87e2dd64   _CLK_start
87e2df00   _MEM_alloc
87e2e0e0   _C62_plug
87e2e0e0   _C64_plug
87e2e0e8   _C62_dispatchPlug
87e2e0e8   _C64_dispatchPlug
87e2e2c0   _EXC_dispatch
87e2e484   _EXC_setReturnPtr
87e2e66c   PRD_THOOKFXN
87e2e66c   _KNL_tick
87e2e680   _MEM_free
87e2e840   __SEM_dopost
87e2ea00   CLK_F_getltime
87e2ea10   CLK_F_isr
87e2eb60   CLK_F_itime
87e2eb60   _CLK_F_itime
87e2eb60   _CLK_itime
87e2eb7c   __CLK_lat1beg
87e2eba0   __CLK_lat1end
87e2ebc0   _TSK_setup
87e2ed60   _KNL_saveIsrFrame
87e2ee0c   _KNL_switch
87e2eeb8   KNL_glue
87e2eee0   __auto_init
87e2f020   _KNL_ready
87e2f160   _TSK_exit
87e2f2a0   _BCACHE_setSize
87e2f2e4   _BCACHE_setMar
87e2f334   _BCACHE_bootInit
87e2f334   _BCACHE_setCacheToSram
87e2f364   _BCACHE_getSize
87e2f3b4   _BCACHE_getMar
87e2f40c   _CLK_reconfig
87e2f584   _GBL_cacheInit64P
87e2f640   _KNL_check
87e2f68c   __KNL_lat1beg
87e2f708   _KNL_idle
87e2f708   __KNL_lat1end
87e2f730   _KNL_max
87e2f804   _TSK_startup
87e2f94c   _BCACHE_wbInv
87e2f960   _BCACHE_wb
87e2f970   _BCACHE_inv
87e2f980   _SEM_post
87e2f980   _SEM_postBinary
87e2fa60   _KNL_exit
87e2faa0   _KNL_enter
87e2fb20   _KNL_start
87e2fbc0   _SEM_postEnterKnl
87e2fc60   _SYS_exit
87e2fd00   _HWI_dispatchPlug
87e2fd80   _HWI_eventMap
87e2fe00   _KNL_ipost
87e2fe80   _KNL_post
87e2ff00   _LCK_post
87e2ff20   _LCK_pend
87e2ff80   LOG_F_event
87e2ff80   _LOG_event
87e2ff80   __LOG_lat1beg
87e30000   _OBJ_create
87e300cc   _BCACHE_wbInvAll
87e300e0   _BCACHE_wbAll
87e300f0   _BCACHE_invL1pAll
87e30100   _BCACHE_wait
87e30180   _MEM_valloc
87e301e0   _SYS_error
87e30240   FXN_F_nop
87e30244   FXN_F_run
87e30244   _FXN_F_run
87e30280   FXN_F_zero
87e30280   _FXN_F_zero
87e302a0   _HWI_disable
87e302b8   _HWI_enable
87e302cc   _HWI_restore
87e30300   _OBJ_delete
87e30360   _SEM_pend
87e303c0   STS_F_delta
87e303c0   _STS_delta
87e303ec   STS_F_add
87e303ec   _STS_add
87e30408   STS_F_reset
87e30408   _STS_reset
87e30420   _SWI_disable
87e30444   _SWI_enable
87e30480   _SYS_abort
87e304e0   SYS_PUTCFXN
87e304e0   _UTL_doPutc
87e30540   _C62_disableIER
87e30540   _C64_disableIER
87e30558   _C62_enableIER
87e30558   _C64_enableIER
87e3056c   _C62_clearIFR
87e3056c   _C64_clearIFR
87e30580   _QUE_get
87e30580   __QUE_lat1beg
87e305a0   __QUE_lat1end
87e305a8   _QUE_put
87e305a8   __QUE_lat2beg
87e305b4   __QUE_lat2end
87e305c0   SYS_ABORTFXN
87e305c0   _UTL_doAbort
87e30600   GBL_USERINITFXN
87e30600   GIO_CREATEFXN
87e30600   GIO_DELETEFXN
87e30600   GIO_PENDFXN
87e30600   GIO_POSTFXN
87e30600   PWRM_PWRM_SHAREDRESOURCEFXN
87e30600   PWRM_PWRM_SLOTHOOKFXN
87e30600   TSK_VCREATEFXN
87e30600   TSK_VDELETEFXN
87e30600   TSK_VEXITFXN
87e30600   _FXN_F_nop
87e30620   _GBL_getVersion
87e30640   _HOOK_setenv
87e30660   IDL_F_loop
87e30660   _IDL_loop
87e30680   _STS_set
87e306a0   SYS_ERRORFXN
87e306a0   _UTL_doError
87e306c0   SYS_EXITFXN
87e306c0   _UTL_halt
87e306e0   CLK_TIMEFXN
87e306e0   _CLK_gethtime
87e30700   GBL_stackbeg
87e30700   _HWI_STKTOP
87e30700   __stack
87e316f8   _HWI_STKBOTTOM
87e316ff   GBL_stackend
87e31700   ___cinit__
87e31700   cinit
87e322b4   IDL_A_TABBEG
87e322b4   IDL_END
87e32450   __ctypes_
87e32990   _SMAPOOL_FXNS
87e329a5   KNL_swi$sts$maxfmt
87e329ad   KNL_swi$sts$sumfmt
87e329b5   KNL_swi$sts$avgfmt
87e329bc   IDL_A_CALBEG
87e329bc   IDL_END$
87e329c0   BIOS_init
87e329c0   _BIOS_init
87e32c28   BIOS_start
87e32c28   _BIOS_start
87e32cc0   _POOL_init
87e32de0   _c_int00
87e32ea0   _MEM_init
87e32f40   _TSK_init
87e32fa0   _OBJ_init
87e330e0   _KNL_queues
87e33180   _KNL_dummy
87e331b8   _DSPLINKPOOL_ctrlPtr
87e33238   _TSK_ATTRS
87e33254   _TSK_config
87e33274   _TSK_timerSem
87e33294   __BCACHE_emifAddr
87e33298   _OBJ_table
87e332d0   _OBJ_segtab
87e332ec   __TSK_mutex
87e33314   __MEM_mutex
87e3333c   _CLK_inputClock
87e33340   _SYS_exitStack
87e33360   _SamplePoolParams
87e33368   _pool_notify_Pools
87e33378   _POOL_config
87e33394   _EXC_status
87e333b4   _FAIL_Set
87e333b8   _FAIL_File
87e333bc   _FAIL_Line
87e333c0   _FAIL_Code
87e333c4   _HWI_ATTRS
87e333dc   __BCACHE_readTable
87e333e8   _buf
87e333ec   _length
87e333f4   _MPCSXFER_BufferSize
87e333f8   _MPCSXFER_NumIterations
87e333fc   _MPCS_ctrlPtr
87e33400   _MPCS_csObj
87e33404   _MPLIST_ctrlPtr
87e33408   _MPLIST_mpcsObj
87e3340c   _NOTIFY_ctrlPtr
87e33410   _NOTIFY_numIps
87e33414   _RingIO_ctrlPtr
87e33418   _RingIO_mpcsObj
87e3341c   __lock
87e33420   __unlock
87e33430   _DSPLINKDATA_ctrlPtr
87e33438   _DSPLINKMQT_ctrlPtr
87e3343c   _CLK_gptimer_enablemask
87e33448   TSK_idle$stack
87e337e0   TSK_idle$stkptr
87e33848   $bss
87e33848   .bss
87e33848   _HWI_dispatchTab
87e33848   ___bss__
87e33948   IDL_D_tabbeg
87e3394c   IDL_D_calibrate
87e33950   IDL_D_calbeg
87e33954   LOG_D_system
87e33954   _LOG_D_system
87e33958   PIP_D_tabbeg
87e3395c   PIP_D_tablen
87e33960   CLK_R_time
87e33964   CLK_D_timefxn
87e33968   CLK_D_tabbeg
87e3396c   CLK_D_isrhook
87e33970   CLK_D_idletime
87e33974   _CLK_htimeDiv
87e33978   _CLK_htimeMult
87e3397c   _CLK_ltimeDiv
87e33980   _CLK_ltimeMult
87e33984   _CLK_D_dirty
87e33988   _CLK_D_prd
87e3398c   _CLK_D_tddr
87e33990   _CLK_D_countspms
87e33994   PRD_D_tick
87e33994   _PRD_D_tick
87e33998   PRD_D_cur
87e3399c   PRD_D_elapsed
87e339a0   PRD_D_prevtim
87e339a4   PRD_D_scalar
87e339a8   PRD_D_swihandle
87e339ac   PRD_D_tabbeg
87e339b0   PRD_D_tablen
87e339b4   PRD_D_thook
87e339b8   RTA_D_fromHost
87e339bc   RTA_D_toHost
87e339c0   RTA_D_logval
87e339d0   RTA_D_stsval
87e339dc   HST_D_chanmask
87e339e0   HST_D_tabbeg
87e339e4   HST_D_tabend
87e339e8   _GBL_procId
87e339ec   _GBL_clkIn
87e339f0   _GBL_freq
87e339f4   _MEM_D_NUMSEGMENTS
87e339f8   _MEM_D_memtab
87e339fc   _MEM_D_freelist
87e33a00   _MEM_D_lockaddr
87e33a04   _MEM_D_unlockaddr
87e33a08   _SYS
87e33a0c   __HOOK_knlId
87e33a10   __HOOK_NUMHOOKS
87e33a14   SWI_D_runaddr
87e33a14   _SWI_D_runaddr
87e33a14   _SWI_data
87e33a18   SWI_D_execaddr
87e33a18   _SWI_D_execaddr
87e33a1c   SWI_D_curmask
87e33a1c   _SWI_D_curmask
87e33a20   SWI_D_curset
87e33a20   _SWI_D_curset
87e33a24   SWI_D_lock
87e33a24   _SWI_D_lock
87e33a28   SWI_D_curmbox
87e33a2c   SWI_D_curfxn
87e33a2c   _SWI_D_curfxn
87e33a30   SWI_D_rdybeg
87e33a30   _SWI_D_rdybeg
87e33a34   SWI_D_inswi
87e33a34   _SWI_D_inswi
87e33a38   SWI_D_rdytab
87e33ab0   _KNL_wFlag
87e33ab4   _KNL_wList
87e33ab8   _KNL_alarm
87e33abc   _KNL_setpri
87e33ac0   _KNL_inactive
87e33ac4   _KNL_priority
87e33ac8   _KNL_set
87e33acc   _KNL_curtask
87e33ad0   _KNL_prevtask
87e33ad4   _KNL_curtime
87e33ad8   _KNL_swiptr
87e33adc   _KNL_curqueue
87e33ae0   _KNL_maxqueue
87e33ae4   _KNL_tswitchfxn
87e33ae8   _KNL_tcreatefxn
87e33aec   _KNL_tdeletefxn
87e33af0   _KNL_treadyfxn
87e33af4   _KNL_idlefxn
87e33af8   _EXC_sysTrapTable
87e33b00   _EXC_returnPtr
87e33b18   HWI_D_spsave
87e33b18   _HWI_D_spsave
87e33b18   _HWI_data
87e33b24   _HWI_D_inhwi
87e33b28   HWI_D_bss
87e33b2c   HWI_D_ccmask
87e33b30   _EXC_exceptionHook
87e33b34   _EXC_internalHook
87e33b38   _EXC_externalHook
87e33b3c   _EXC_nmiHook
87e33b40   _MEM_memtab
87e33b4c   DDR2
87e33b4c   HST_DSMBUFSEG
87e33b4c   MEM_MALLOCSEG
87e33b4c   MEM_SEGZERO
87e33b4c   RTDX_DATAMEMSEG
87e33b4c   TSK_STACKSEG
87e33b4c   _DDR2
87e33b50   _TSK_nTasks
87e33b54   _TSK_pid
87e33b58   _TSK
87e33b5c   _CLK_DFLTMICROSECS
87e33b60   _CLK_D_microseconds
87e33b64   _SYS_exitStackPtr
87e33b68   _SYS_exitStackTop
87e33b6c   _CLK_htimePerLtime
87e33b74   _MEM
87e33b78   _POOL
87e33b7e   ___end__
87e33b7e   end
87e33b80   trace$buf
87e33c00   HWI_A_VECS
87e33c00   hwi0
87e33c20   hwi1
87e33c40   hwi2
87e33c60   hwi3
87e33c80   hwi4
87e33ca0   hwi5
87e33cc0   hwi6
87e33ce0   hwi7
87e33d00   hwi8
87e33d20   hwi9
87e33d40   hwi10
87e33d60   hwi11
87e33d80   hwi12
87e33da0   hwi13
87e33dc0   hwi14
87e33de0   hwi15
87e33e00   _SYS_PUTCBEG
87e33fff   _SYS_PUTCEND
87e34000   LOG_system$buf
87e34100   _DSPLINK_shmBaseAddress
87e34108   _DSPLINK_shmBaseAddress_pad
87e34190   TSK_idle
87e34190   _TSK_idle
87e34268   LOG_A_TABBEG
87e34268   LOG_system
87e34268   _LOG_A_TABBEG
87e34268   _LOG_system
87e34280   _trace
87e34280   trace
87e34298   KNL_swi
87e34298   LOG_A_TABEND
87e34298   SWI_A_TABBEG
87e34298   _KNL_swi
87e34298   _LOG_A_TABEND
87e342c4   KNL_swi$sts$stsobj
87e342c4   STS_A_TABBEG
87e342c4   SWI_A_TABEND
87e342c4   _STS_A_TABBEG
87e342c8   KNL_swi$sts
87e342d4   STS_A_TABEND
87e342d4   SYS$config
87e342d4   _STS_A_TABEND
87e342e4   TRC_cinit
87e342e8   TRC_R_mask
87e342e8   _TRC_R_mask
87e342ec   GBL_initdone
87e342f0   CLK_A_TABBEG
87e342f0   PRD_clock
87e342f0   _PRD_clock
87e342f4   CLK_null
ffffffff   CACHE_L1D
ffffffff   CACHE_L1P
ffffffff   CACHE_L2
ffffffff   DSPLINKMEM
ffffffff   ECM_EVTMASK0
ffffffff   ECM_EVTMASK1
ffffffff   ECM_EVTMASK2
ffffffff   ECM_EVTMASK3
ffffffff   IRAM
ffffffff   L1DSRAM
ffffffff   POOLMEM
ffffffff   RESET_VECTOR
ffffffff   _CACHE_L1D
ffffffff   _CACHE_L1P
ffffffff   _CACHE_L2
ffffffff   _DSPLINKMEM
ffffffff   _IRAM
ffffffff   _L1DSRAM
ffffffff   _POOLMEM
ffffffff   _RESET_VECTOR
ffffffff   ___TI_pprof_out_hndl
ffffffff   ___TI_prof_data_size
ffffffff   ___TI_prof_data_start
ffffffff   ___binit__
ffffffff   ___c_args__
ffffffff   ___pinit__
ffffffff   binit
ffffffff   pinit

[1031 symbols]
